// Jest Snapshot v1, https://goo.gl/fbAQLP

exports[`should show the <AddCategory/> component should show the component snapshot 1`] = `
<form
  onSubmit={[Function]}
>
  <input
    onChange={[Function]}
    type="text"
    value=""
  />
</form>
`;
