// Jest Snapshot v1, https://goo.gl/fbAQLP

exports[`Testing <GifExpertApp/> componenet should show <GigExpertApp/> component correctly  1`] = `
<Fragment>
  <h2>
    Gif Expert App
  </h2>
  <AddCategory
    setCategories={[Function]}
  />
  <hr />
  <ol>
    <GifGrid
      category="One Punch"
      key="One Punch"
    />
  </ol>
</Fragment>
`;
