// Jest Snapshot v1, https://goo.gl/fbAQLP

exports[`should show the <GifGridItem/> correctly should show the <GifGridItem/> shanpshot Correctly 1`] = `
<div
  className="card animate__animated animate__fadeInLeft"
>
  <img
    alt="Hunter x Hunter"
    src="http:localhost/hunterxhunter.gif"
  />
  <p>
    Hunter x Hunter
  </p>
</div>
`;
